{
 "control_arm_id": null,
 "control_efs": {
  "status": "NOT_APPLICABLE",
  "reason": "the primary endpoint is not time-to-event: the journey takes progression from its own ladder (protocol-cited figure, then evidence)",
  "protocol": "the protocol's control EFS model or cure rate is not established"
 },
 "loss_to_follow_up": {
  "status": "RESOLVED",
  "annual_probability": 0.039688359186014655,
  "rate_per_year": 0.04049742135192383,
  "source": "evidence",
  "wording": "registry participant flow (urothelial): left by subject decision, loss to follow-up or physician decision; 221 trials, 25195 participants: 7.8% over the study, spread over 2 years (assumption A18)"
 },
 "off_study_limit": null,
 "analysis_rule": {
  "evaluable_target": null,
  "min_followup_years": null,
  "population": null,
  "wording": null,
  "excluded_share": null
 },
 "design_alternatives": [],
 "protocol_toxicities": 0,
 "asset_ae_signature": {
  "ARM1": "platinum"
 },
 "bindings_usable": 0,
 "bindings": 5,
 "model_calls": 0
}
