{
 "efficacy": {
  "ARM1": {
   "responders": 4,
   "rate": 0.3077,
   "ci95_exact": [
    0.09092039457209658,
    0.6142616617507044
   ]
  },
  "ARM2": {
   "responders": 1,
   "rate": 0.125,
   "ci95_exact": [
    0.0031597235312519063,
    0.5265096708752065
   ]
  },
  "ARM3": {
   "responders": 1,
   "rate": 0.1667,
   "ci95_exact": [
    0.00421074451448947,
    0.6412345789976748
   ]
  },
  "ARM4": {
   "responders": 3,
   "rate": 0.3333,
   "ci95_exact": [
    0.0748546314196918,
    0.7007049437914596
   ]
  }
 },
 "tables": 14
}
