{
 "scenarios": {
  "accrual_124_per_year_derived": [
   [
    0.5,
    0.994
   ],
   [
    0.55,
    0.97
   ],
   [
    0.6,
    0.911
   ],
   [
    0.65,
    0.768
   ],
   [
    0.7,
    0.639
   ],
   [
    0.75,
    0.444
   ],
   [
    0.8,
    0.306
   ],
   [
    0.85,
    0.199
   ],
   [
    0.9,
    0.108
   ],
   [
    0.95,
    0.057
   ],
   [
    1.0,
    0.034
   ],
   [
    1.1,
    0.009
   ],
   [
    1.2,
    0.001
   ],
   [
    1.3,
    0.0
   ]
  ]
 },
 "design_checks": [
  {
   "scenario": "accrual_124_per_year_derived",
   "check": "type I error at HR 1",
   "simulated": 0.034,
   "mc_se": 0.005730968504537431,
   "expected": 1.0,
   "consistent": false
  }
 ]
}
