{
 "efficacy": {
  "ARM3": {
   "responders": 20,
   "rate": 0.4082,
   "ci95_exact": [
    0.26996706063129844,
    0.5578706070573544
   ]
  },
  "ARM4": {
   "responders": 27,
   "rate": 0.4821,
   "ci95_exact": [
    0.3465548681692756,
    0.6196841979349188
   ]
  },
  "ARM5": {
   "responders": 20,
   "rate": 0.3922,
   "ci95_exact": [
    0.2584436352821828,
    0.5388590104201924
   ]
  },
  "ARM8": {
   "responders": 17,
   "rate": 0.5,
   "ci95_exact": [
    0.32426927002132083,
    0.6757307299786791
   ]
  }
 },
 "tables": 14
}
