{
 "control_arm_id": null,
 "control_efs": {
  "status": "NOT_APPLICABLE",
  "reason": "the primary endpoint is not time-to-event: the journey takes progression from its own ladder (protocol-cited figure, then evidence)",
  "protocol": "the protocol's control EFS model or cure rate is not established"
 },
 "loss_to_follow_up": {
  "status": "RESOLVED",
  "annual_probability": 0.036366555045392546,
  "rate_per_year": 0.03704430050562635,
  "source": "evidence",
  "wording": "registry participant flow (lung): left by subject decision, loss to follow-up or physician decision; 1306 trials, 222437 participants: 7.1% over the study, spread over 2 years (assumption A18)"
 },
 "off_study_limit": null,
 "analysis_rule": {
  "evaluable_target": null,
  "min_followup_years": null,
  "population": null,
  "wording": null,
  "excluded_share": null
 },
 "design_alternatives": [],
 "protocol_toxicities": 1,
 "asset_ae_signature": {
  "ARM3": "other",
  "ARM4": "other",
  "ARM5": "other",
  "ARM8": "other"
 },
 "bindings_usable": 1,
 "bindings": 3,
 "model_calls": 0
}
